Copyright 1986-2022 Xilinx, Inc. All Rights Reserved.
---------------------------------------------------------------------------------------------------------------------------------------
| Tool Version : Vivado v.2022.2 (win64) Build 3671981 Fri Oct 14 05:00:03 MDT 2022
| Date         : Mon Aug 10 16:27:02 2026
| Host         : LAPTOP-KE7GS63T running 64-bit major release  (build 9200)
| Command      : report_utilization -file PE_array_wrapper_reuse_utilization_synth.rpt -pb PE_array_wrapper_reuse_utilization_synth.pb
| Design       : PE_array_wrapper_reuse
| Device       : xczu2cg-sfvc784-1-e
| Speed File   : -1
| Design State : Synthesized
---------------------------------------------------------------------------------------------------------------------------------------

Utilization Design Information

Table of Contents
-----------------
1. CLB Logic
1.1 Summary of Registers by Type
2. BLOCKRAM
3. ARITHMETIC
4. I/O
5. CLOCK
6. ADVANCED
7. CONFIGURATION
8. Primitives
9. Black Boxes
10. Instantiated Netlists

1. CLB Logic
------------

+-------------------------+-------+-------+------------+-----------+--------+
|        Site Type        |  Used | Fixed | Prohibited | Available |  Util% |
+-------------------------+-------+-------+------------+-----------+--------+
| CLB LUTs*               | 92646 |     0 |          0 |     47232 | 196.15 |
|   LUT as Logic          | 92646 |     0 |          0 |     47232 | 196.15 |
|   LUT as Memory         |     0 |     0 |          0 |     28800 |   0.00 |
| CLB Registers           | 21935 |     0 |          0 |     94464 |  23.22 |
|   Register as Flip Flop | 21935 |     0 |          0 |     94464 |  23.22 |
|   Register as Latch     |     0 |     0 |          0 |     94464 |   0.00 |
| CARRY8                  | 11309 |     0 |          0 |      8820 | 128.22 |
| F7 Muxes                |     9 |     0 |          0 |     35280 |   0.03 |
| F8 Muxes                |     0 |     0 |          0 |     17640 |   0.00 |
| F9 Muxes                |     0 |     0 |          0 |      8820 |   0.00 |
+-------------------------+-------+-------+------------+-----------+--------+
* Warning! The Final LUT count, after physical optimizations and full implementation, is typically lower. Run opt_design after synthesis, if not already completed, for a more realistic count.
Warning! LUT value is adjusted to account for LUT combining.


1.1 Summary of Registers by Type
--------------------------------

+-------+--------------+-------------+--------------+
| Total | Clock Enable | Synchronous | Asynchronous |
+-------+--------------+-------------+--------------+
| 0     |            _ |           - |            - |
| 0     |            _ |           - |          Set |
| 0     |            _ |           - |        Reset |
| 0     |            _ |         Set |            - |
| 0     |            _ |       Reset |            - |
| 0     |          Yes |           - |            - |
| 2     |          Yes |           - |          Set |
| 21932 |          Yes |           - |        Reset |
| 0     |          Yes |         Set |            - |
| 1     |          Yes |       Reset |            - |
+-------+--------------+-------------+--------------+


2. BLOCKRAM
-----------

+-------------------+------+-------+------------+-----------+-------+
|     Site Type     | Used | Fixed | Prohibited | Available | Util% |
+-------------------+------+-------+------------+-----------+-------+
| Block RAM Tile    | 32.5 |     0 |          0 |       150 | 21.67 |
|   RAMB36/FIFO*    |   32 |     0 |          0 |       150 | 21.33 |
|     RAMB36E2 only |   32 |       |            |           |       |
|   RAMB18          |    1 |     0 |          0 |       300 |  0.33 |
|     RAMB18E2 only |    1 |       |            |           |       |
+-------------------+------+-------+------------+-----------+-------+
* Note: Each Block RAM Tile only has one FIFO logic available and therefore can accommodate only one FIFO36E2 or one FIFO18E2. However, if a FIFO18E2 occupies a Block RAM Tile, that tile can still accommodate a RAMB18E2


3. ARITHMETIC
-------------

+-----------+------+-------+------------+-----------+-------+
| Site Type | Used | Fixed | Prohibited | Available | Util% |
+-----------+------+-------+------------+-----------+-------+
| DSPs      |    0 |     0 |          0 |       240 |  0.00 |
+-----------+------+-------+------------+-----------+-------+


4. I/O
------

+------------+------+-------+------------+-----------+-------+
|  Site Type | Used | Fixed | Prohibited | Available | Util% |
+------------+------+-------+------------+-----------+-------+
| Bonded IOB |  116 |     0 |          0 |       252 | 46.03 |
+------------+------+-------+------------+-----------+-------+


5. CLOCK
--------

+----------------------+------+-------+------------+-----------+-------+
|       Site Type      | Used | Fixed | Prohibited | Available | Util% |
+----------------------+------+-------+------------+-----------+-------+
| GLOBAL CLOCK BUFFERs |    1 |     0 |          0 |       196 |  0.51 |
|   BUFGCE             |    1 |     0 |          0 |        88 |  1.14 |
|   BUFGCE_DIV         |    0 |     0 |          0 |        12 |  0.00 |
|   BUFG_PS            |    0 |     0 |          0 |        72 |  0.00 |
|   BUFGCTRL*          |    0 |     0 |          0 |        24 |  0.00 |
| PLL                  |    0 |     0 |          0 |         6 |  0.00 |
| MMCM                 |    0 |     0 |          0 |         3 |  0.00 |
+----------------------+------+-------+------------+-----------+-------+
* Note: Each used BUFGCTRL counts as two GLOBAL CLOCK BUFFERs. This table does not include global clocking resources, only buffer cell usage. See the Clock Utilization Report (report_clock_utilization) for detailed accounting of global clocking resource availability.


6. ADVANCED
-----------

+-----------+------+-------+------------+-----------+-------+
| Site Type | Used | Fixed | Prohibited | Available | Util% |
+-----------+------+-------+------------+-----------+-------+
| PS8       |    0 |     0 |          0 |         1 |  0.00 |
| SYSMONE4  |    0 |     0 |          0 |         1 |  0.00 |
+-----------+------+-------+------------+-----------+-------+


7. CONFIGURATION
----------------

+-------------+------+-------+------------+-----------+-------+
|  Site Type  | Used | Fixed | Prohibited | Available | Util% |
+-------------+------+-------+------------+-----------+-------+
| BSCANE2     |    0 |     0 |          0 |         4 |  0.00 |
| DNA_PORTE2  |    0 |     0 |          0 |         1 |  0.00 |
| EFUSE_USR   |    0 |     0 |          0 |         1 |  0.00 |
| FRAME_ECCE4 |    0 |     0 |          0 |         1 |  0.00 |
| ICAPE3      |    0 |     0 |          0 |         2 |  0.00 |
| MASTER_JTAG |    0 |     0 |          0 |         1 |  0.00 |
| STARTUPE3   |    0 |     0 |          0 |         1 |  0.00 |
+-------------+------+-------+------------+-----------+-------+


8. Primitives
-------------

+----------+-------+---------------------+
| Ref Name |  Used | Functional Category |
+----------+-------+---------------------+
| LUT2     | 41436 |                 CLB |
| LUT6     | 32647 |                 CLB |
| LUT4     | 25547 |                 CLB |
| FDCE     | 21932 |            Register |
| LUT5     | 14730 |                 CLB |
| CARRY8   | 11309 |                 CLB |
| LUT3     |  6324 |                 CLB |
| LUT1     |   518 |                 CLB |
| OBUF     |    71 |                 I/O |
| INBUF    |    45 |                 I/O |
| IBUFCTRL |    45 |              Others |
| RAMB36E2 |    32 |            BLOCKRAM |
| MUXF7    |     9 |                 CLB |
| FDPE     |     2 |            Register |
| RAMB18E2 |     1 |            BLOCKRAM |
| FDRE     |     1 |            Register |
| BUFGCE   |     1 |               Clock |
+----------+-------+---------------------+


9. Black Boxes
--------------

+----------+------+
| Ref Name | Used |
+----------+------+


10. Instantiated Netlists
-------------------------

+----------+------+
| Ref Name | Used |
+----------+------+


